
> grasspush@0.2.0 build
> next build

   鈻?Next.js 15.1.5

   Creating an optimized production build ...
node.exe : Failed to 
compile.
所在位置 C:\Program Files
\nodejs\npm.ps1:29 字符
: 3
+   & $NODE_EXE $NPM_
CLI_JS $args
+   ~~~~~~~~~~~~~~~~~
~~~~~~~~~~~~
    + CategoryInfo   
           : NotSpe  
  cified: (Failed    
 to compile.:Stri    
ng) [], RemoteEx    c
eption
    + FullyQualified 
   ErrorId : Native  
  CommandError
 

cloudflare:sockets
Module build failed: 
UnhandledSchemeError:
 Reading from "cloudf
lare:sockets" is not 
handled by plugins (U
nhandled scheme).
Webpack supports "dat
a:" and "file:" URIs 
by default.
You may need an addit
ional plugin to handl
e "cloudflare:" URIs.
    at C:\Users\cake\
Desktop\toys\grasspus
h\node_modules\.pnpm\
next@15.1.5_react-dom
@19.0.0_react@19.0.0_
_react@19.0.0\node_mo
dules\next\dist\compi
led\webpack\bundle5.j
s:28:406935
    at Hook.eval [as 
callAsync] (eval at c
reate (C:\Users\cake\
Desktop\toys\grasspus
h\node_modules\.pnpm\
next@15.1.5_react-dom
@19.0.0_react@19.0.0_
_react@19.0.0\node_mo
dules\next\dist\compi
led\webpack\bundle5.j
s:13:9218), <anonymou
s>:6:1)
    at Object.process
Resource (C:\Users\ca
ke\Desktop\toys\grass
push\node_modules\.pn
pm\next@15.1.5_react-
dom@19.0.0_react@19.0
.0__react@19.0.0\node
_modules\next\dist\co
mpiled\webpack\bundle
5.js:28:406860)
    at processResourc
e (C:\Users\cake\Desk
top\toys\grasspush\no
de_modules\.pnpm\next
@15.1.5_react-dom@19.
0.0_react@19.0.0__rea
ct@19.0.0\node_module
s\next\dist\compiled\
loader-runner\LoaderR
unner.js:1:5308)
    at iteratePitchin
gLoaders (C:\Users\ca
ke\Desktop\toys\grass
push\node_modules\.pn
pm\next@15.1.5_react-
dom@19.0.0_react@19.0
.0__react@19.0.0\node
_modules\next\dist\co
mpiled\loader-runner\
LoaderRunner.js:1:466
7)
    at runLoaders (C:
\Users\cake\Desktop\t
oys\grasspush\node_mo
dules\.pnpm\next@15.1
.5_react-dom@19.0.0_r
eact@19.0.0__react@19
.0.0\node_modules\nex
t\dist\compiled\loade
r-runner\LoaderRunner
.js:1:8590)
    at NormalModule._
doBuild (C:\Users\cak
e\Desktop\toys\grassp
ush\node_modules\.pnp
m\next@15.1.5_react-d
om@19.0.0_react@19.0.
0__react@19.0.0\node_
modules\next\dist\com
piled\webpack\bundle5
.js:28:406722)
    at NormalModule.b
uild (C:\Users\cake\D
esktop\toys\grasspush
\node_modules\.pnpm\n
ext@15.1.5_react-dom@
19.0.0_react@19.0.0__
react@19.0.0\node_mod
ules\next\dist\compil
ed\webpack\bundle5.js
:28:408735)
    at C:\Users\cake\
Desktop\toys\grasspus
h\node_modules\.pnpm\
next@15.1.5_react-dom
@19.0.0_react@19.0.0_
_react@19.0.0\node_mo
dules\next\dist\compi
led\webpack\bundle5.j
s:28:82434
    at NormalModule.n
eedBuild (C:\Users\ca
ke\Desktop\toys\grass
push\node_modules\.pn
pm\next@15.1.5_react-
dom@19.0.0_react@19.0
.0__react@19.0.0\node
_modules\next\dist\co
mpiled\webpack\bundle
5.js:28:412710)

Import trace for requ
ested module:
cloudflare:sockets
./lib/socks5.ts
./lib/channels/wecom-
app.ts
./lib/channels/index.
ts
./lib/db/schema/chann
els.ts
./lib/db/schema/index
.ts
./lib/auth.ts

cloudflare:sockets
Module build failed: 
UnhandledSchemeError:
 Reading from "cloudf
lare:sockets" is not 
handled by plugins (U
nhandled scheme).
Webpack supports "dat
a:" and "file:" URIs 
by default.
You may need an addit
ional plugin to handl
e "cloudflare:" URIs.
    at C:\Users\cake\
Desktop\toys\grasspus
h\node_modules\.pnpm\
next@15.1.5_react-dom
@19.0.0_react@19.0.0_
_react@19.0.0\node_mo
dules\next\dist\compi
led\webpack\bundle5.j
s:28:406935
    at Hook.eval [as 
callAsync] (eval at c
reate (C:\Users\cake\
Desktop\toys\grasspus
h\node_modules\.pnpm\
next@15.1.5_react-dom
@19.0.0_react@19.0.0_
_react@19.0.0\node_mo
dules\next\dist\compi
led\webpack\bundle5.j
s:13:9218), <anonymou
s>:6:1)
    at Hook.CALL_ASYN
C_DELEGATE [as _callA
sync] (C:\Users\cake\
Desktop\toys\grasspus
h\node_modules\.pnpm\
next@15.1.5_react-dom
@19.0.0_react@19.0.0_
_react@19.0.0\node_mo
dules\next\dist\compi
led\webpack\bundle5.j
s:13:6372)
    at Object.process
Resource (C:\Users\ca
ke\Desktop\toys\grass
push\node_modules\.pn
pm\next@15.1.5_react-
dom@19.0.0_react@19.0
.0__react@19.0.0\node
_modules\next\dist\co
mpiled\webpack\bundle
5.js:28:406860)
    at processResourc
e (C:\Users\cake\Desk
top\toys\grasspush\no
de_modules\.pnpm\next
@15.1.5_react-dom@19.
0.0_react@19.0.0__rea
ct@19.0.0\node_module
s\next\dist\compiled\
loader-runner\LoaderR
unner.js:1:5308)
    at iteratePitchin
gLoaders (C:\Users\ca
ke\Desktop\toys\grass
push\node_modules\.pn
pm\next@15.1.5_react-
dom@19.0.0_react@19.0
.0__react@19.0.0\node
_modules\next\dist\co
mpiled\loader-runner\
LoaderRunner.js:1:466
7)
    at runLoaders (C:
\Users\cake\Desktop\t
oys\grasspush\node_mo
dules\.pnpm\next@15.1
.5_react-dom@19.0.0_r
eact@19.0.0__react@19
.0.0\node_modules\nex
t\dist\compiled\loade
r-runner\LoaderRunner
.js:1:8590)
    at NormalModule._
doBuild (C:\Users\cak
e\Desktop\toys\grassp
ush\node_modules\.pnp
m\next@15.1.5_react-d
om@19.0.0_react@19.0.
0__react@19.0.0\node_
modules\next\dist\com
piled\webpack\bundle5
.js:28:406722)
    at NormalModule.b
uild (C:\Users\cake\D
esktop\toys\grasspush
\node_modules\.pnpm\n
ext@15.1.5_react-dom@
19.0.0_react@19.0.0__
react@19.0.0\node_mod
ules\next\dist\compil
ed\webpack\bundle5.js
:28:408735)
    at C:\Users\cake\
Desktop\toys\grasspus
h\node_modules\.pnpm\
next@15.1.5_react-dom
@19.0.0_react@19.0.0_
_react@19.0.0\node_mo
dules\next\dist\compi
led\webpack\bundle5.j
s:28:82434

Import trace for requ
ested module:
cloudflare:sockets
./lib/socks5.ts
./lib/channels/wecom-
app.ts
./lib/channels/index.
ts
./app/api/push/[id]/r
oute.ts
./node_modules/.pnpm/
next@15.1.5_react-dom
@19.0.0_react@19.0.0_
_react@19.0.0/node_mo
dules/next/dist/build
/webpack/loaders/next
-app-loader/index.js?
name=app%2Fapi%2Fpush
%2F%5Bid%5D%2Froute&p
age=%2Fapi%2Fpush%2F%
5Bid%5D%2Froute&pageP
ath=private-next-app-
dir%2Fapi%2Fpush%2F%5
Bid%5D%2Froute.ts&app
Dir=C%3A%5CUsers%5Cca
ke%5CDesktop%5Ctoys%5
Cgrasspush%5Capp&appP
aths=%2Fapi%2Fpush%2F
%5Bid%5D%2Froute&page
Extensions=tsx&pageEx
tensions=ts&pageExten
sions=jsx&pageExtensi
ons=js&basePath=&asse
tPrefix=&nextConfigOu
tput=&preferredRegion
=&middlewareConfig=e3
0%3D!./app/api/push/[
id]/route.ts?__next_e
dge_ssr_entry__

cloudflare:sockets
Module build failed: 
UnhandledSchemeError:
 Reading from "cloudf
lare:sockets" is not 
handled by plugins (U
nhandled scheme).
Webpack supports "dat
a:" and "file:" URIs 
by default.
You may need an addit
ional plugin to handl
e "cloudflare:" URIs.
    at C:\Users\cake\
Desktop\toys\grasspus
h\node_modules\.pnpm\
next@15.1.5_react-dom
@19.0.0_react@19.0.0_
_react@19.0.0\node_mo
dules\next\dist\compi
led\webpack\bundle5.j
s:28:406935
    at Hook.eval [as 
callAsync] (eval at c
reate (C:\Users\cake\
Desktop\toys\grasspus
h\node_modules\.pnpm\
next@15.1.5_react-dom
@19.0.0_react@19.0.0_
_react@19.0.0\node_mo
dules\next\dist\compi
led\webpack\bundle5.j
s:13:9218), <anonymou
s>:6:1)
    at Object.process
Resource (C:\Users\ca
ke\Desktop\toys\grass
push\node_modules\.pn
pm\next@15.1.5_react-
dom@19.0.0_react@19.0
.0__react@19.0.0\node
_modules\next\dist\co
mpiled\webpack\bundle
5.js:28:406860)
    at processResourc
e (C:\Users\cake\Desk
top\toys\grasspush\no
de_modules\.pnpm\next
@15.1.5_react-dom@19.
0.0_react@19.0.0__rea
ct@19.0.0\node_module
s\next\dist\compiled\
loader-runner\LoaderR
unner.js:1:5308)
    at iteratePitchin
gLoaders (C:\Users\ca
ke\Desktop\toys\grass
push\node_modules\.pn
pm\next@15.1.5_react-
dom@19.0.0_react@19.0
.0__react@19.0.0\node
_modules\next\dist\co
mpiled\loader-runner\
LoaderRunner.js:1:466
7)
    at runLoaders (C:
\Users\cake\Desktop\t
oys\grasspush\node_mo
dules\.pnpm\next@15.1
.5_react-dom@19.0.0_r
eact@19.0.0__react@19
.0.0\node_modules\nex
t\dist\compiled\loade
r-runner\LoaderRunner
.js:1:8590)
    at NormalModule._
doBuild (C:\Users\cak
e\Desktop\toys\grassp
ush\node_modules\.pnp
m\next@15.1.5_react-d
om@19.0.0_react@19.0.
0__react@19.0.0\node_
modules\next\dist\com
piled\webpack\bundle5
.js:28:406722)
    at NormalModule.b
uild (C:\Users\cake\D
esktop\toys\grasspush
\node_modules\.pnpm\n
ext@15.1.5_react-dom@
19.0.0_react@19.0.0__
react@19.0.0\node_mod
ules\next\dist\compil
ed\webpack\bundle5.js
:28:408735)
    at C:\Users\cake\
Desktop\toys\grasspus
h\node_modules\.pnpm\
next@15.1.5_react-dom
@19.0.0_react@19.0.0_
_react@19.0.0\node_mo
dules\next\dist\compi
led\webpack\bundle5.j
s:28:82434
    at NormalModule.n
eedBuild (C:\Users\ca
ke\Desktop\toys\grass
push\node_modules\.pn
pm\next@15.1.5_react-
dom@19.0.0_react@19.0
.0__react@19.0.0\node
_modules\next\dist\co
mpiled\webpack\bundle
5.js:28:412710)

Import trace for requ
ested module:
cloudflare:sockets
./lib/socks5.ts
./lib/channels/wecom-
app.ts
./lib/channels/index.
ts
./components/channel-
table.tsx


> Build failed becaus
e of webpack errors
